Microchip MPLAB XC8 Compiler V3.00

Linker command line:

-W-3 \
  --edf=C:\Program Files\Microchip\xc8\v3.00\pic\dat\20241204225717_en.msgs \
  -cn -h+dist/default/production\CAN_ECU3.X.production.sym \
  --cmf=dist/default/production\CAN_ECU3.X.production.cmf -z -Q18F4580 \
  -oC:\Users\admin\AppData\Local\Temp\xcAsif0.\driver_tmp_3.o \
  --defsym=__MPLAB_BUILD=1 --fixupoverflow=error \
  -Mdist/default/production/CAN_ECU3.X.production.map \
  --md=C:\Users\admin\AppData\Local\Temp\xcAsif0.\driver_tmp_0.dat -E1 \
  -ver=XC8 Compiler -ACODE=00h-03000h -ACONST=00h-03000h \
  -ASMALLCONST=0600h-06FFhx42,03000h-03000h -AMEDIUMCONST=0600h-03000h \
  -ACOMRAM=01h-05Fh -AABS1=00h-05FFh -ABIGRAM=01h-05FFh \
  -ARAM=060h-0FFh,0100h-01FFhx5 -ABANK0=060h-0FFh -ABANK1=0100h-01FFh \
  -ABANK2=0200h-02FFh -ABANK3=0300h-03FFh -ABANK4=0400h-04FFh \
  -ABANK5=0500h-05FFh -ASFR=0D00h-0DFFhx2,0F00h-0F5Fh,0F60h-0FFFh \
  -ABIGSFR=0D00h-0FFFh -ACONFIG=0300000h-030000Dh -AIDLOC=0200000h-0200007h \
  -AEEDATA=0F00000h-0F000FFh -peeprom_data=EEDATA \
  -preset_vec=00h,intcode=8h,intcodelo=18h,sivt_lo,sivt_hi=CODE \
  -ppowerup=CODE,init -pramtop=0600h -psmallconst=SMALLCONST \
  -pmediumconst=MEDIUMCONST -pconst=CONST -AFARRAM=00h-00h \
  -prdata=COMRAM,nvrram=COMRAM,nvbit=COMRAM,rbss=COMRAM,rbit=COMRAM \
  -pfarbss=FARRAM,fardata=FARRAM,nvFARRAM=FARRAM \
  -pintsave_regs=BIGRAM,bigbss=BIGRAM,bigdata=BIGRAM -pbss=RAM \
  -pidata=CODE,irdata=CODE,ibigdata=CODE,ifardata=CODE -prparam=COMRAM \
  C:\Users\admin\AppData\Local\Temp\xcAsif0.\driver_tmp_9.o \
  dist/default/production\CAN_ECU3.X.production.o 

Object code version is 3.11

Machine type is 18F4580



                Name                               Link     Load   Length Selector   Space Scale
C:\Users\admin\AppData\Local\Temp\xcAsif0.\driver_tmp_9.o
                idloc                            200000   200000        8        0       5
                config                           300000   300000        E        0       4
                init                                  E        E        4        4       0
                reset_vec                             0        0        4        0       0
dist/default/production\CAN_ECU3.X.production.o
                intcode                               8        8        6        4       0
                idloc                            200000   200000        8        0       5
                config                           300000   300000        E        0       4
                temp                                 3A       3A        1        1       1
                mediumconst                        2FE6     2FE6       1A     17F3       0
                intcode_body                        3D4      3D4       46        4       0
                text15                              41A      41A       3C        4       0
                text14                              4CA      4CA       3A        4       0
                text13                              504      504       34        4       0
                text12                              5B6      5B6        E        4       0
                text11                              5A0      5A0       16        4       0
                text10                              58A      58A       16        4       0
                text9                               490      490       3A        4       0
                text8                               27E      27E       8A        4       0
                text7                               5D0      5D0        2      2E8       0
                text6                               308      308       6C        4       0
                text5                               538      538       2A        4       0
                text4                               1EC      1EC       92        4       0
                text3                               374      374       60        4       0
                text2                               562      562       28        4       0
                text1                               11C      11C       D0        4       0
                text0                                12       12      10A        4       0
                cstackCOMRAM                          1        1       1F        1       1
                dataCOMRAM                           2F       2F        B        1       1
                bssCOMRAM                            20       20        F        1       1
                cinit                               456      456       3A        4       0
                idataCOMRAM                         5C4      5C4        B        4       0

TOTAL           Name                               Link     Load   Length     Space
        CLASS   CODE           
                intcode                               8        8        6         0
                init                                  E        E        4         0
                reset_vec                             0        0        4         0
                intcode_body                        3D4      3D4       46         0
                text15                              41A      41A       3C         0
                text14                              4CA      4CA       3A         0
                text13                              504      504       34         0
                text12                              5B6      5B6        E         0
                text11                              5A0      5A0       16         0
                text10                              58A      58A       16         0
                text9                               490      490       3A         0
                text8                               27E      27E       8A         0
                text7                               5D0      5D0        2         0
                text6                               308      308       6C         0
                text5                               538      538       2A         0
                text4                               1EC      1EC       92         0
                text3                               374      374       60         0
                text2                               562      562       28         0
                text1                               11C      11C       D0         0
                text0                                12       12      10A         0
                cinit                               456      456       3A         0
                idataCOMRAM                         5C4      5C4        B         0

        CLASS   CONST          

        CLASS   SMALLCONST     

        CLASS   MEDIUMCONST    
                mediumconst                        2FE6     2FE6       1A         0

        CLASS   COMRAM         
                temp                                 3A       3A        1         1
                cstackCOMRAM                          1        1       1F         1
                dataCOMRAM                           2F       2F        B         1
                bssCOMRAM                            20       20        F         1

        CLASS   ABS1           

        CLASS   BIGRAM         

        CLASS   RAM            

        CLASS   BANK0          

        CLASS   BANK1          

        CLASS   BANK2          

        CLASS   BANK3          

        CLASS   BANK4          

        CLASS   BANK5          

        CLASS   SFR            

        CLASS   BIGSFR         

        CLASS   CONFIG         
                config                           300000   300000        E         4

        CLASS   IDLOC          
                idloc                            200000   200000        8         5

        CLASS   EEDATA         

        CLASS   FARRAM         

        CLASS   HEAP           

        CLASS   STACK          



SEGMENTS        Name                           Load    Length   Top    Selector   Space  Class

                reset_vec                      000000  000004  000004         0       0  CODE    
                cstackCOMRAM                   000001  00003A  00003B         1       1  COMRAM  
                intcode                        000008  0005C7  0005CF         4       0  CODE    
                text7                          0005D0  000002  0005D2       2E8       0  CODE    
                mediumconst                    002FE6  00001A  003000      17F3       0  MEDIUMCO


UNUSED ADDRESS RANGES

        Name                Unused          Largest block    Delta
        BANK0            000060-0000FF               A0
        BANK1            000100-0001FF              100
        BANK2            000200-0002FF              100
        BANK3            000300-0003FF              100
        BANK4            000400-0004FF              100
        BANK5            000500-0005FF              100
        BIGRAM           00003B-0005FF              5C5
        BIGSFR           000D00-000FFF              300
        CODE             000004-000007                4
                         0005CF-0005CF                1
                         0005D2-002FE5             2A14
                         003000-003000                1
        COMRAM           00003B-00005F               25
        CONST            000004-000007                4
                         0005CF-0005CF                1
                         0005D2-002FE5             2A14
                         003000-003000                1
        EEDATA           F00000-F000FF              100
        MEDIUMCONST      000600-002FE5             29E6
                         003000-003000                1
        RAM              000060-0005FF              100
        SFR              000D00-000FFF              100
        SMALLCONST       000600-002FE5              100
                         003000-003000                1

                                  Symbol Table

?_get_msg_id_std                 cstackCOMRAM 000001
_BRG16                           (abs)        007DC3
_BRGCON1                         (abs)        000F70
_BRGCON2                         (abs)        000F71
_BRGCON3                         (abs)        000F72
_BRGH                            (abs)        007D62
_CANCON                          (abs)        000F6F
_CANSTAT                         (abs)        000F6E
_CREN                            (abs)        007D5C
_ECANCON                         (abs)        000F77
_GIE                             (abs)        007F97
_PEIE                            (abs)        007F96
_PORTB                           (abs)        000F81
_PORTD                           (abs)        000F83
_PSA                             (abs)        007EAB
_RC0                             (abs)        007C10
_RC1                             (abs)        007C11
_RC2                             (abs)        007C12
_RCIF                            (abs)        007CF5
_RCREG                           (abs)        000FAE
_RD7                             (abs)        007C1F
_RX9                             (abs)        007D5E
_RXB0CON                         (abs)        000F60
_RXB0CONbits                     (abs)        000F60
_RXB0D0                          (abs)        000F66
_RXB0DLC                         (abs)        000F65
_RXB0FUL                         (abs)        007B07
_RXB0IF                          (abs)        007D20
_RXB0SIDH                        (abs)        000F61
_RXB0SIDL                        (abs)        000F62
_RXFCON0                         (abs)        000DD4
_SENDB                           (abs)        007D63
_SPBRG                           (abs)        000FAF
_SPEN                            (abs)        007D5F
_SYNC                            (abs)        007D64
_T08BIT                          (abs)        007EAE
_T0CS                            (abs)        007EAD
_TMR0                            (abs)        000FD6
_TMR0IE                          (abs)        007F95
_TMR0IF                          (abs)        007F92
_TMR0ON                          (abs)        007EAF
_TRISB                           (abs)        000F93
_TRISB1                          (abs)        007C99
_TRISB2                          (abs)        007C9A
_TRISB3                          (abs)        007C9B
_TRISB6                          (abs)        007C9E
_TRISB7                          (abs)        007C9F
_TRISC                           (abs)        000F94
_TRISC6                          (abs)        007CA6
_TRISC7                          (abs)        007CA7
_TRISD                           (abs)        000F95
_TRISD7                          (abs)        007CAF
_TX9                             (abs)        007D66
_TXB0D0                          (abs)        000F46
_TXB0DLC                         (abs)        000F45
_TXB0EIDH                        (abs)        000F43
_TXB0EIDL                        (abs)        000F44
_TXB0REQ                         (abs)        007A03
_TXB0SIDH                        (abs)        000F41
_TXB0SIDL                        (abs)        000F42
_TXEN                            (abs)        007D65
_TXIF                            (abs)        007CF4
_TXREG                           (abs)        000FAD
__HRAM                           (abs)        000000
__H__absolute__                  __absolute__ 000000
__Habs1                          abs1         000000
__Hbank0                         bank0        000000
__Hbank1                         bank1        000000
__Hbank2                         bank2        000000
__Hbank3                         bank3        000000
__Hbank4                         bank4        000000
__Hbank5                         bank5        000000
__Hbigbss                        bigbss       000000
__Hbigdata                       bigdata      000000
__Hbigram                        bigram       000000
__Hbigsfr                        bigsfr       000000
__Hbss                           bss          000000
__HbssCOMRAM                     bssCOMRAM    000000
__Hcinit                         cinit        000000
__Hclrtext                       clrtext      000000
__Hcomram                        comram       000000
__Hconfig                        config       30000E
__Hconst                         const        000000
__HcstackCOMRAM                  cstackCOMRAM 000000
__Hdata                          data         000000
__HdataCOMRAM                    dataCOMRAM   000000
__Heeprom_data                   eeprom_data  000000
__Hfarbss                        farbss       000000
__Hfardata                       fardata      000000
__Hheap                          heap         000000
__Hibigdata                      ibigdata     000000
__Hidata                         idata        000000
__HidataCOMRAM                   idataCOMRAM  000000
__Hidloc                         idloc        200008
__Hifardata                      ifardata     000000
__Hinit                          init         000012
__Hintcode                       intcode      00000E
__Hintcode_body                  intcode_body 000000
__Hintcodelo                     intcodelo    000018
__Hintentry                      intentry     000000
__Hintret                        intret       000000
__Hintsave_regs                  intsave_regs 000000
__Hirdata                        irdata       000000
__Hmediumconst                   mediumconst  003000
__HnvFARRAM                      nvFARRAM     000000
__Hnvbit                         nvbit        000000
__Hnvrram                        nvrram       000000
__Hparam                         rparam       000000
__Hpowerup                       powerup      000000
__Hram                           ram          000000
__Hramtop                        ramtop       000600
__Hrbit                          rbit         000000
__Hrbss                          rbss         000000
__Hrdata                         rdata        000000
__Hreset_vec                     reset_vec    000004
__Hrparam                        rparam       000000
__Hsfr                           sfr          000000
__Hsivt_hi                       sivt_hi      000000
__Hsivt_lo                       sivt_lo      000018
__Hsmallconst                    smallconst   000000
__Hspace_0                       (abs)        003000
__Hspace_1                       (abs)        00003B
__Hspace_2                       (abs)        000000
__Hspace_4                       (abs)        60000E
__Hstack                         stack        000000
__Hstruct                        struct       000000
__Htemp                          temp         00003B
__Htext                          text         000000
__Htext0                         text0        000000
__Htext1                         text1        000000
__Htext10                        text10       000000
__Htext11                        text11       000000
__Htext12                        text12       000000
__Htext13                        text13       000000
__Htext14                        text14       000000
__Htext15                        text15       000000
__Htext2                         text2        000000
__Htext3                         text3        000000
__Htext4                         text4        000000
__Htext5                         text5        000000
__Htext6                         text6        000000
__Htext7                         text7        000000
__Htext8                         text8        000000
__Htext9                         text9        000000
__LRAM                           (abs)        000001
__L__absolute__                  __absolute__ 000000
__Labs1                          abs1         000000
__Lbank0                         bank0        000000
__Lbank1                         bank1        000000
__Lbank2                         bank2        000000
__Lbank3                         bank3        000000
__Lbank4                         bank4        000000
__Lbank5                         bank5        000000
__Lbigbss                        bigbss       000000
__Lbigdata                       bigdata      000000
__Lbigram                        bigram       000000
__Lbigsfr                        bigsfr       000000
__Lbss                           bss          000000
__LbssCOMRAM                     bssCOMRAM    000000
__Lcinit                         cinit        000000
__Lclrtext                       clrtext      000000
__Lcomram                        comram       000000
__Lconfig                        config       000000
__Lconst                         const        000000
__LcstackCOMRAM                  cstackCOMRAM 000000
__Ldata                          data         000000
__LdataCOMRAM                    dataCOMRAM   000000
__Leeprom_data                   eeprom_data  000000
__Lfarbss                        farbss       000000
__Lfardata                       fardata      000000
__Lheap                          heap         000000
__Libigdata                      ibigdata     000000
__Lidata                         idata        000000
__LidataCOMRAM                   idataCOMRAM  000000
__Lidloc                         idloc        000000
__Lifardata                      ifardata     000000
__Linit                          init         00000E
__Lintcode                       intcode      000008
__Lintcode_body                  intcode_body 000000
__Lintcodelo                     intcodelo    000018
__Lintentry                      intentry     000000
__Lintret                        intret       000000
__Lintsave_regs                  intsave_regs 000000
__Lirdata                        irdata       000000
__Lmediumconst                   mediumconst  002FE6
__LnvFARRAM                      nvFARRAM     000000
__Lnvbit                         nvbit        000000
__Lnvrram                        nvrram       000000
__Lparam                         rparam       000000
__Lpowerup                       powerup      000000
__Lram                           ram          000000
__Lramtop                        ramtop       000600
__Lrbit                          rbit         000000
__Lrbss                          rbss         000000
__Lrdata                         rdata        000000
__Lreset_vec                     reset_vec    000000
__Lrparam                        rparam       000000
__Lsfr                           sfr          000000
__Lsivt_hi                       sivt_hi      000000
__Lsivt_lo                       sivt_lo      000018
__Lsmallconst                    smallconst   000000
__Lspace_0                       (abs)        000000
__Lspace_1                       (abs)        000000
__Lspace_2                       (abs)        000000
__Lspace_4                       (abs)        000000
__Lstack                         stack        000000
__Lstruct                        struct       000000
__Ltemp                          temp         00003A
__Ltext                          text         000000
__Ltext0                         text0        000000
__Ltext1                         text1        000000
__Ltext10                        text10       000000
__Ltext11                        text11       000000
__Ltext12                        text12       000000
__Ltext13                        text13       000000
__Ltext14                        text14       000000
__Ltext15                        text15       000000
__Ltext2                         text2        000000
__Ltext3                         text3        000000
__Ltext4                         text4        000000
__Ltext5                         text5        000000
__Ltext6                         text6        000000
__Ltext7                         text7        000000
__Ltext8                         text8        000000
__Ltext9                         text9        000000
__S0                             (abs)        003000
__S1                             (abs)        00003B
__S4                             (abs)        000000
__S5                             (abs)        000000
___heap_hi                       (abs)        000000
___heap_lo                       (abs)        000000
___inthi_sp                      stack        000000
___inthi_stack_hi                stack        000000
___inthi_stack_lo                stack        000000
___intlo_sp                      stack        000000
___intlo_stack_hi                stack        000000
___intlo_stack_lo                stack        000000
___param_bank                    (abs)        000000
___rparam_used                   (abs)        000001
___sp                            stack        000000
___stack_hi                      stack        000000
___stack_lo                      stack        000000
__accesstop                      (abs)        000060
__activetblptr                   (abs)        000002
__end_of__initialization         cinit        000482
__end_of_can_receive             text8        000308
__end_of_clcd_print              text6        000374
__end_of_clcd_write              text14       000504
__end_of_get_msg_id_std          text9        0004CA
__end_of_handle_engine_temp_data text7        0005D2
__end_of_handle_gear_data        text5        000562
__end_of_handle_indicator_data   text4        00027E
__end_of_handle_rpm_data         text3        0003D4
__end_of_handle_speed_data       text2        00058A
__end_of_init_can                text15       000456
__end_of_init_clcd               text13       000538
__end_of_init_config             text10       0005A0
__end_of_init_leds               text12       0005C4
__end_of_init_timer0             text11       0005B6
__end_of_isr                     intcode_body 00041A
__end_of_main                    text0        00011C
__end_of_process_canbus_data     text1        0001EC
__initialization                 cinit        000456
__mediumconst                    mediumconst  002FE6
__pbssCOMRAM                     bssCOMRAM    000020
__pcinit                         cinit        000456
__pcstackCOMRAM                  cstackCOMRAM 000001
__pdataCOMRAM                    dataCOMRAM   00002F
__pidataCOMRAM                   idataCOMRAM  0005C4
__pintcode                       intcode      000008
__pintcode_body                  intcode_body 0003D4
__pmediumconst                   mediumconst  002FE6
__ptext0                         text0        000012
__ptext1                         text1        00011C
__ptext10                        text10       00058A
__ptext11                        text11       0005A0
__ptext12                        text12       0005B6
__ptext13                        text13       000504
__ptext14                        text14       0004CA
__ptext15                        text15       00041A
__ptext2                         text2        000562
__ptext3                         text3        000374
__ptext4                         text4        0001EC
__ptext5                         text5        000538
__ptext6                         text6        000308
__ptext7                         text7        0005D0
__ptext8                         text8        00027E
__ptext9                         text9        000490
__ramtop                         ramtop       000600
__smallconst                     mediumconst  002FE6
_can_receive                     text8        00027E
_clcd_print                      text6        000308
_clcd_write                      text14       0004CA
_gear_str                        dataCOMRAM   000034
_get_msg_id_std                  text9        000490
_handle_engine_temp_data         text7        0005D0
_handle_gear_data                text5        000538
_handle_indicator_data           text4        0001EC
_handle_rpm_data                 text3        000374
_handle_speed_data               text2        000562
_init_can                        text15       00041A
_init_clcd                       text13       000504
_init_config                     text10       00058A
_init_leds                       text12       0005B6
_init_timer0                     text11       0005A0
_isr                             intcode      000008
_led_state                       bssCOMRAM    00002C
_main                            text0        000012
_process_canbus_data             text1        00011C
_rpm_str                         dataCOMRAM   00002F
_speed_str                       dataCOMRAM   000037
_status                          bssCOMRAM    00002E
btemp                            temp         00003A
can_receive@data                 cstackCOMRAM 00000A
can_receive@i                    cstackCOMRAM 000011
can_receive@len                  cstackCOMRAM 00000B
can_receive@msg_id               cstackCOMRAM 000009
can_receive@ptr                  cstackCOMRAM 00000F
clcd_print@addr                  cstackCOMRAM 000005
clcd_print@data                  cstackCOMRAM 000003
clcd_write@byte                  cstackCOMRAM 000002
clcd_write@control_bit           cstackCOMRAM 000001
end_of_initialization            cinit        000482
get_msg_id_std@id                cstackCOMRAM 000007
handle_engine_temp_data@data     cstackCOMRAM 000001
handle_engine_temp_data@len      cstackCOMRAM 000002
handle_gear_data@data            cstackCOMRAM 000006
handle_gear_data@len             cstackCOMRAM 000007
handle_indicator_data@data       cstackCOMRAM 000006
handle_indicator_data@len        cstackCOMRAM 000007
handle_rpm_data@data             cstackCOMRAM 000006
handle_rpm_data@i                cstackCOMRAM 000008
handle_rpm_data@len              cstackCOMRAM 000007
handle_speed_data@data           cstackCOMRAM 000006
handle_speed_data@len            cstackCOMRAM 000007
int$flags                        temp         00003A
int_func                         intcode_body 0003D4
intlevel0                        text         000000
intlevel1                        text         000000
intlevel2                        text         000000
intlevel3                        text         000000
isa$std                          (abs)        000001
isa$xinst                        (abs)        000000
isr@count                        bssCOMRAM    000028
main@blink_count                 bssCOMRAM    00002A
main@blink_state                 bssCOMRAM    00002D
process_canbus_data@data         cstackCOMRAM 000015
process_canbus_data@len          cstackCOMRAM 00001F
process_canbus_data@msg_id       cstackCOMRAM 00001D
stackhi                          (abs)        000000
stacklo                          (abs)        000000
start                            init         00000E
start_initialization             cinit        000456
ttemp5                           temp         00003B
ttemp6                           temp         00003E
ttemp7                           temp         000042
wtemp8                           temp         00003B


MODULE INFORMATION

Module		Function		Class		Link	Load	Size
message_handler.c
		_handle_gear_data		CODE           	0538	0000	42
		_handle_speed_data		CODE           	0562	0000	40
		_handle_indicator_data		CODE           	01EC	0000	146
		_handle_rpm_data		CODE           	0374	0000	96
		_process_canbus_data		CODE           	011C	0000	208
		_handle_engine_temp_data		CODE           	05D0	0000	2

message_handler.c estimated size: 534

timer0.c
		_init_timer0   		CODE           	05A0	0000	22

timer0.c estimated size: 22

isr.c
		_isr           		CODE           	0008	0000	76

isr.c estimated size: 76

shared
		__initialization		CODE           	0456	0000	44

shared estimated size: 44

clcd.c
		_clcd_write    		CODE           	04CA	0000	58
		_clcd_print    		CODE           	0308	0000	108
		_init_clcd     		CODE           	0504	0000	52

clcd.c estimated size: 218

can.c
		_init_can      		CODE           	041A	0000	60
		_can_receive   		CODE           	027E	0000	138
		_get_msg_id_std		CODE           	0490	0000	58

can.c estimated size: 256

main.c
		_init_leds     		CODE           	05B6	0000	14
		_main          		CODE           	0012	0000	266
		_init_config   		CODE           	058A	0000	22

main.c estimated size: 302

