Microchip MPLAB XC8 Compiler V3.00

Linker command line:

-W-3 \
  --edf=C:\Program Files\Microchip\xc8\v3.00\pic\dat\20241204225717_en.msgs \
  -cn -h+dist/default/production\CAN_ECU2.X.production.sym \
  --cmf=dist/default/production\CAN_ECU2.X.production.cmf -z -Q18F4580 \
  -oC:\Users\admin\AppData\Local\Temp\xcAsblg.\driver_tmp_3.o \
  --defsym=__MPLAB_BUILD=1 --fixupoverflow=error \
  -Mdist/default/production/CAN_ECU2.X.production.map \
  --md=C:\Users\admin\AppData\Local\Temp\xcAsblg.\driver_tmp_0.dat -E1 \
  -ver=XC8 Compiler -ACODE=00h-03000h -ACONST=00h-03000h \
  -ASMALLCONST=0600h-06FFhx42,03000h-03000h -AMEDIUMCONST=0600h-03000h \
  -ACOMRAM=01h-05Fh -AABS1=00h-05FFh -ABIGRAM=01h-05FFh \
  -ARAM=060h-0FFh,0100h-01FFhx5 -ABANK0=060h-0FFh -ABANK1=0100h-01FFh \
  -ABANK2=0200h-02FFh -ABANK3=0300h-03FFh -ABANK4=0400h-04FFh \
  -ABANK5=0500h-05FFh -ASFR=0D00h-0DFFhx2,0F00h-0F5Fh,0F60h-0FFFh \
  -ABIGSFR=0D00h-0FFFh -ACONFIG=0300000h-030000Dh -AIDLOC=0200000h-0200007h \
  -AEEDATA=0F00000h-0F000FFh -peeprom_data=EEDATA \
  -preset_vec=00h,intcode=8h,intcodelo=18h,sivt_lo,sivt_hi=CODE \
  -ppowerup=CODE,init -pramtop=0600h -psmallconst=SMALLCONST \
  -pmediumconst=MEDIUMCONST -pconst=CONST -AFARRAM=00h-00h \
  -prdata=COMRAM,nvrram=COMRAM,nvbit=COMRAM,rbss=COMRAM,rbit=COMRAM \
  -pfarbss=FARRAM,fardata=FARRAM,nvFARRAM=FARRAM \
  -pintsave_regs=BIGRAM,bigbss=BIGRAM,bigdata=BIGRAM -pbss=RAM \
  -pidata=CODE,irdata=CODE,ibigdata=CODE,ifardata=CODE -prparam=COMRAM \
  C:\Users\admin\AppData\Local\Temp\xcAsblg.\driver_tmp_9.o \
  dist/default/production\CAN_ECU2.X.production.o 

Object code version is 3.11

Machine type is 18F4580



                Name                               Link     Load   Length Selector   Space Scale
C:\Users\admin\AppData\Local\Temp\xcAsblg.\driver_tmp_9.o
                idloc                            200000   200000        8        0       5
                config                           300000   300000        E        0       4
                init                               2FFC     2FFC        4     17FE       0
                reset_vec                             0        0        4        0       0
dist/default/production\CAN_ECU2.X.production.o
                idloc                            200000   200000        8        0       5
                config                           300000   300000        E        0       4
                mediumconst                        2FF0     2FF0        C     17F8       0
                text16                             2C60     2C60      390     1630       0
                text15                             289A     289A      106     144D       0
                text14                             2538     2538       26     129C       0
                text13                             2AAC     2AAC      1B4     1556       0
                text12                             2714     2714       74     138A       0
                text11                             2640     2640       64     1320       0
                text10                             25BE     25BE       3C     12DF       0
                text9                              26A4     26A4       70     1352       0
                text8                              27FC     27FC       9E     13FE       0
                text7                              2500     2500       1C     1280       0
                text6                              2586     2586       38     12C3       0
                text5                              24E2     24E2        8     1271       0
                text4                              24EA     24EA       16     1275       0
                text3                              251C     251C       1C     128E       0
                text2                              25FA     25FA       46     12FD       0
                text1                              2788     2788       74     13C4       0
                text0                              29A0     29A0      10C     14D0       0
                cstackCOMRAM                          1        1       33        1       1
                dataCOMRAM                           52       52        1        1       1
                bssCOMRAM                            34       34       1E        1       1
                cinit                              255E     255E       28     12AF       0
                idataCOMRAM                        3000     3000        1     17FE       0

TOTAL           Name                               Link     Load   Length     Space
        CLASS   CODE           
                init                               2FFC     2FFC        4         0
                reset_vec                             0        0        4         0
                text16                             2C60     2C60      390         0
                text15                             289A     289A      106         0
                text14                             2538     2538       26         0
                text13                             2AAC     2AAC      1B4         0
                text12                             2714     2714       74         0
                text11                             2640     2640       64         0
                text10                             25BE     25BE       3C         0
                text9                              26A4     26A4       70         0
                text8                              27FC     27FC       9E         0
                text7                              2500     2500       1C         0
                text6                              2586     2586       38         0
                text5                              24E2     24E2        8         0
                text4                              24EA     24EA       16         0
                text3                              251C     251C       1C         0
                text2                              25FA     25FA       46         0
                text1                              2788     2788       74         0
                text0                              29A0     29A0      10C         0
                cinit                              255E     255E       28         0
                idataCOMRAM                        3000     3000        1         0

        CLASS   CONST          

        CLASS   SMALLCONST     

        CLASS   MEDIUMCONST    
                mediumconst                        2FF0     2FF0        C         0

        CLASS   COMRAM         
                cstackCOMRAM                          1        1       33         1
                dataCOMRAM                           52       52        1         1
                bssCOMRAM                            34       34       1E         1

        CLASS   ABS1           

        CLASS   BIGRAM         

        CLASS   RAM            

        CLASS   BANK0          

        CLASS   BANK1          

        CLASS   BANK2          

        CLASS   BANK3          

        CLASS   BANK4          

        CLASS   BANK5          

        CLASS   SFR            

        CLASS   BIGSFR         

        CLASS   CONFIG         
                config                           300000   300000        E         4

        CLASS   IDLOC          
                idloc                            200000   200000        8         5

        CLASS   EEDATA         

        CLASS   FARRAM         

        CLASS   HEAP           

        CLASS   STACK          



SEGMENTS        Name                           Load    Length   Top    Selector   Space  Class

                reset_vec                      000000  000004  000004         0       0  CODE    
                cstackCOMRAM                   000001  000052  000053         1       1  COMRAM  
                text5                          0024E2  000008  0024EA      1271       0  CODE    
                text4                          0024EA  000016  002500      1275       0  CODE    
                text7                          002500  00001C  00251C      1280       0  CODE    
                text3                          00251C  00001C  002538      128E       0  CODE    
                text14                         002538  000026  00255E      129C       0  CODE    
                cinit                          00255E  000028  002586      12AF       0  CODE    
                text6                          002586  000038  0025BE      12C3       0  CODE    
                text10                         0025BE  00003C  0025FA      12DF       0  CODE    
                text2                          0025FA  000046  002640      12FD       0  CODE    
                text11                         002640  000064  0026A4      1320       0  CODE    
                text9                          0026A4  000070  002714      1352       0  CODE    
                text12                         002714  000074  002788      138A       0  CODE    
                text1                          002788  000074  0027FC      13C4       0  CODE    
                text8                          0027FC  00009E  00289A      13FE       0  CODE    
                text15                         00289A  000106  0029A0      144D       0  CODE    
                text0                          0029A0  00010C  002AAC      14D0       0  CODE    
                text13                         002AAC  0001B4  002C60      1556       0  CODE    
                text16                         002C60  000390  002FF0      1630       0  CODE    
                mediumconst                    002FF0  00000C  002FFC      17F8       0  MEDIUMCO
                init                           002FFC  000005  003001      17FE       0  CODE    


UNUSED ADDRESS RANGES

        Name                Unused          Largest block    Delta
        BANK0            000060-0000FF               A0
        BANK1            000100-0001FF              100
        BANK2            000200-0002FF              100
        BANK3            000300-0003FF              100
        BANK4            000400-0004FF              100
        BANK5            000500-0005FF              100
        BIGRAM           000053-0005FF              5AD
        BIGSFR           000D00-000FFF              300
        CODE             000004-0024E1             24DE
        COMRAM           000053-00005F                D
        CONST            000004-0024E1             24DE
        EEDATA           F00000-F000FF              100
        MEDIUMCONST      000600-0024E1             1EE2
        RAM              000060-0005FF              100
        SFR              000D00-000FFF              100
        SMALLCONST       000600-0024E1              100

                                  Symbol Table

?___fldiv                          cstackCOMRAM 00000F
?___fltol                          cstackCOMRAM 000028
?___lwdiv                          cstackCOMRAM 000001
?___lwmod                          cstackCOMRAM 000008
?___wmul                           cstackCOMRAM 000001
?___xxtofl                         cstackCOMRAM 000001
?_read_adc                         cstackCOMRAM 000001
_ACQT0                             (abs)        007E03
_ACQT1                             (abs)        007E04
_ACQT2                             (abs)        007E05
_ADCON0                            (abs)        000FC2
_ADCS0                             (abs)        007E00
_ADCS1                             (abs)        007E01
_ADCS2                             (abs)        007E02
_ADFM                              (abs)        007E07
_ADON                              (abs)        007E10
_ADRESH                            (abs)        000FC4
_ADRESL                            (abs)        000FC3
_BRG16                             (abs)        007DC3
_BRGCON1                           (abs)        000F70
_BRGCON2                           (abs)        000F71
_BRGCON3                           (abs)        000F72
_BRGH                              (abs)        007D62
_CANCON                            (abs)        000F6F
_CANSTAT                           (abs)        000F6E
_CREN                              (abs)        007D5C
_ECANCON                           (abs)        000F77
_GIE                               (abs)        007F97
_GO                                (abs)        007E11
_GODONE                            (abs)        007E11
_PEIE                              (abs)        007F96
_PORTA                             (abs)        000F80
_PORTB                             (abs)        000F81
_PORTC                             (abs)        000F82
_PORTD                             (abs)        000F83
_PSA                               (abs)        007EAB
_RCIF                              (abs)        007CF5
_RCREG                             (abs)        000FAE
_RX9                               (abs)        007D5E
_RXB0CON                           (abs)        000F60
_RXB0D0                            (abs)        000F66
_RXB0DLC                           (abs)        000F65
_RXB0FUL                           (abs)        007B07
_RXB0IF                            (abs)        007D20
_RXB0SIDH                          (abs)        000F61
_RXB0SIDL                          (abs)        000F62
_RXFCON0                           (abs)        000DD4
_SENDB                             (abs)        007D63
_SPBRG                             (abs)        000FAF
_SPEN                              (abs)        007D5F
_SYNC                              (abs)        007D64
_T08BIT                            (abs)        007EAE
_T0CS                              (abs)        007EAD
_TMR0                              (abs)        000FD6
_TMR0IE                            (abs)        007F95
_TMR0IF                            (abs)        007F92
_TMR0ON                            (abs)        007EAF
_TRISA                             (abs)        000F92
_TRISB                             (abs)        000F93
_TRISB2                            (abs)        007C9A
_TRISB3                            (abs)        007C9B
_TRISC                             (abs)        000F94
_TRISC6                            (abs)        007CA6
_TRISC7                            (abs)        007CA7
_TRISD                             (abs)        000F95
_TX9                               (abs)        007D66
_TXB0D0                            (abs)        000F46
_TXB0DLC                           (abs)        000F45
_TXB0EIDH                          (abs)        000F43
_TXB0EIDL                          (abs)        000F44
_TXB0REQ                           (abs)        007A03
_TXB0SIDH                          (abs)        000F41
_TXB0SIDL                          (abs)        000F42
_TXEN                              (abs)        007D65
_TXIF                              (abs)        007CF4
_TXREG                             (abs)        000FAD
_VCFG0                             (abs)        007E0C
_VCFG1                             (abs)        007E0D
__HRAM                             (abs)        000000
__H__absolute__                    __absolute__ 000000
__Habs1                            abs1         000000
__Hbank0                           bank0        000000
__Hbank1                           bank1        000000
__Hbank2                           bank2        000000
__Hbank3                           bank3        000000
__Hbank4                           bank4        000000
__Hbank5                           bank5        000000
__Hbigbss                          bigbss       000000
__Hbigdata                         bigdata      000000
__Hbigram                          bigram       000000
__Hbigsfr                          bigsfr       000000
__Hbss                             bss          000000
__HbssCOMRAM                       bssCOMRAM    000000
__Hcinit                           cinit        000000
__Hclrtext                         clrtext      000000
__Hcomram                          comram       000000
__Hconfig                          config       30000E
__Hconst                           const        000000
__HcstackCOMRAM                    cstackCOMRAM 000000
__Hdata                            data         000000
__HdataCOMRAM                      dataCOMRAM   000000
__Heeprom_data                     eeprom_data  000000
__Hfarbss                          farbss       000000
__Hfardata                         fardata      000000
__Hheap                            heap         000000
__Hibigdata                        ibigdata     000000
__Hidata                           idata        000000
__HidataCOMRAM                     idataCOMRAM  000000
__Hidloc                           idloc        200008
__Hifardata                        ifardata     000000
__Hinit                            init         003000
__Hintcode                         intcode      000008
__Hintcode_body                    intcode_body 000000
__Hintcodelo                       intcodelo    000018
__Hintentry                        intentry     000000
__Hintret                          intret       000000
__Hintsave_regs                    intsave_regs 000000
__Hirdata                          irdata       000000
__Hmediumconst                     mediumconst  002FFC
__HnvFARRAM                        nvFARRAM     000000
__Hnvbit                           nvbit        000000
__Hnvrram                          nvrram       000000
__Hparam                           rparam       000000
__Hpowerup                         powerup      000000
__Hram                             ram          000000
__Hramtop                          ramtop       000600
__Hrbit                            rbit         000000
__Hrbss                            rbss         000000
__Hrdata                           rdata        000000
__Hreset_vec                       reset_vec    000004
__Hrparam                          rparam       000000
__Hsfr                             sfr          000000
__Hsivt_hi                         sivt_hi      000000
__Hsivt_lo                         sivt_lo      000018
__Hsmallconst                      smallconst   000000
__Hspace_0                         (abs)        003001
__Hspace_1                         (abs)        000053
__Hspace_2                         (abs)        000000
__Hspace_4                         (abs)        60000E
__Hstack                           stack        000000
__Hstruct                          struct       000000
__Htemp                            temp         000000
__Htext                            text         000000
__Htext0                           text0        000000
__Htext1                           text1        000000
__Htext10                          text10       000000
__Htext11                          text11       000000
__Htext12                          text12       000000
__Htext13                          text13       000000
__Htext14                          text14       000000
__Htext15                          text15       000000
__Htext16                          text16       000000
__Htext2                           text2        000000
__Htext3                           text3        000000
__Htext4                           text4        000000
__Htext5                           text5        000000
__Htext6                           text6        000000
__Htext7                           text7        000000
__Htext8                           text8        000000
__Htext9                           text9        000000
__LRAM                             (abs)        000001
__L__absolute__                    __absolute__ 000000
__Labs1                            abs1         000000
__Lbank0                           bank0        000000
__Lbank1                           bank1        000000
__Lbank2                           bank2        000000
__Lbank3                           bank3        000000
__Lbank4                           bank4        000000
__Lbank5                           bank5        000000
__Lbigbss                          bigbss       000000
__Lbigdata                         bigdata      000000
__Lbigram                          bigram       000000
__Lbigsfr                          bigsfr       000000
__Lbss                             bss          000000
__LbssCOMRAM                       bssCOMRAM    000000
__Lcinit                           cinit        000000
__Lclrtext                         clrtext      000000
__Lcomram                          comram       000000
__Lconfig                          config       000000
__Lconst                           const        000000
__LcstackCOMRAM                    cstackCOMRAM 000000
__Ldata                            data         000000
__LdataCOMRAM                      dataCOMRAM   000000
__Leeprom_data                     eeprom_data  000000
__Lfarbss                          farbss       000000
__Lfardata                         fardata      000000
__Lheap                            heap         000000
__Libigdata                        ibigdata     000000
__Lidata                           idata        000000
__LidataCOMRAM                     idataCOMRAM  000000
__Lidloc                           idloc        000000
__Lifardata                        ifardata     000000
__Linit                            init         002FFC
__Lintcode                         intcode      000008
__Lintcode_body                    intcode_body 000000
__Lintcodelo                       intcodelo    000018
__Lintentry                        intentry     000000
__Lintret                          intret       000000
__Lintsave_regs                    intsave_regs 000000
__Lirdata                          irdata       000000
__Lmediumconst                     mediumconst  002FF0
__LnvFARRAM                        nvFARRAM     000000
__Lnvbit                           nvbit        000000
__Lnvrram                          nvrram       000000
__Lparam                           rparam       000000
__Lpowerup                         powerup      000000
__Lram                             ram          000000
__Lramtop                          ramtop       000600
__Lrbit                            rbit         000000
__Lrbss                            rbss         000000
__Lrdata                           rdata        000000
__Lreset_vec                       reset_vec    000000
__Lrparam                          rparam       000000
__Lsfr                             sfr          000000
__Lsivt_hi                         sivt_hi      000000
__Lsivt_lo                         sivt_lo      000018
__Lsmallconst                      smallconst   000000
__Lspace_0                         (abs)        000000
__Lspace_1                         (abs)        000000
__Lspace_2                         (abs)        000000
__Lspace_4                         (abs)        000000
__Lstack                           stack        000000
__Lstruct                          struct       000000
__Ltemp                            temp         000000
__Ltext                            text         000000
__Ltext0                           text0        000000
__Ltext1                           text1        000000
__Ltext10                          text10       000000
__Ltext11                          text11       000000
__Ltext12                          text12       000000
__Ltext13                          text13       000000
__Ltext14                          text14       000000
__Ltext15                          text15       000000
__Ltext16                          text16       000000
__Ltext2                           text2        000000
__Ltext3                           text3        000000
__Ltext4                           text4        000000
__Ltext5                           text5        000000
__Ltext6                           text6        000000
__Ltext7                           text7        000000
__Ltext8                           text8        000000
__Ltext9                           text9        000000
__S0                               (abs)        003001
__S1                               (abs)        000053
__S4                               (abs)        000000
__S5                               (abs)        000000
___fldiv                           text16       002C60
___fldiv@a                         cstackCOMRAM 000013
___fldiv@aexp                      cstackCOMRAM 000027
___fldiv@b                         cstackCOMRAM 00000F
___fldiv@bexp                      cstackCOMRAM 000026
___fldiv@grs                       cstackCOMRAM 000022
___fldiv@new_exp                   cstackCOMRAM 000020
___fldiv@rem                       cstackCOMRAM 00001B
___fldiv@sign                      cstackCOMRAM 00001F
___fltol                           text15       00289A
___fltol@exp1                      cstackCOMRAM 000031
___fltol@f1                        cstackCOMRAM 000028
___fltol@sign1                     cstackCOMRAM 000030
___heap_hi                         (abs)        000000
___heap_lo                         (abs)        000000
___inthi_sp                        stack        000000
___inthi_stack_hi                  stack        000000
___inthi_stack_lo                  stack        000000
___intlo_sp                        stack        000000
___intlo_stack_hi                  stack        000000
___intlo_stack_lo                  stack        000000
___lwdiv                           text12       002714
___lwdiv@counter                   cstackCOMRAM 000007
___lwdiv@dividend                  cstackCOMRAM 000001
___lwdiv@divisor                   cstackCOMRAM 000003
___lwdiv@quotient                  cstackCOMRAM 000005
___lwmod                           text11       002640
___lwmod@counter                   cstackCOMRAM 00000C
___lwmod@dividend                  cstackCOMRAM 000008
___lwmod@divisor                   cstackCOMRAM 00000A
___param_bank                      (abs)        000000
___rparam_used                     (abs)        000001
___sp                              stack        000000
___stack_hi                        stack        000000
___stack_lo                        stack        000000
___wmul                            text14       002538
___wmul@multiplicand               cstackCOMRAM 000003
___wmul@multiplier                 cstackCOMRAM 000001
___wmul@product                    cstackCOMRAM 000005
___xxtofl                          text13       002AAC
___xxtofl@arg                      cstackCOMRAM 00000B
___xxtofl@exp                      cstackCOMRAM 00000A
___xxtofl@sign                     cstackCOMRAM 000009
___xxtofl@val                      cstackCOMRAM 000001
__accesstop                        (abs)        000060
__activetblptr                     (abs)        000002
__end_of___fldiv                   text16       002FF0
__end_of___fltol                   text15       0029A0
__end_of___lwdiv                   text12       002788
__end_of___lwmod                   text11       0026A4
__end_of___wmul                    text14       00255E
__end_of___xxtofl                  text13       002C60
__end_of__initialization           cinit        00257C
__end_of_can_transmit              text9        002714
__end_of_digit                     mediumconst  002FFB
__end_of_get_ssd                   text8        00289A
__end_of_init_adc                  text7        00251C
__end_of_init_can                  text6        0025BE
__end_of_init_config               text3        002538
__end_of_init_digital_keypad       text5        0024EA
__end_of_init_timer0               text4        002500
__end_of_main                      text0        002AAC
__end_of_read_adc                  text2        002640
__end_of_read_digital_keypad       text1        0027FC
__end_of_set_msg_id_std            text10       0025FA
__initialization                   cinit        00255E
__mediumconst                      mediumconst  002FF0
__pbssCOMRAM                       bssCOMRAM    000034
__pcinit                           cinit        00255E
__pcstackCOMRAM                    cstackCOMRAM 000001
__pdataCOMRAM                      dataCOMRAM   000052
__pidataCOMRAM                     idataCOMRAM  003000
__pmediumconst                     mediumconst  002FF0
__ptext0                           text0        0029A0
__ptext1                           text1        002788
__ptext10                          text10       0025BE
__ptext11                          text11       002640
__ptext12                          text12       002714
__ptext13                          text13       002AAC
__ptext14                          text14       002538
__ptext15                          text15       00289A
__ptext16                          text16       002C60
__ptext2                           text2        0025FA
__ptext3                           text3        00251C
__ptext4                           text4        0024EA
__ptext5                           text5        0024E2
__ptext6                           text6        002586
__ptext7                           text7        002500
__ptext8                           text8        0027FC
__ptext9                           text9        0026A4
__ramtop                           ramtop       000600
__smallconst                       mediumconst  002FF0
_blink_counter                     bssCOMRAM    000044
_can_transmit                      text9        0026A4
_data                              bssCOMRAM    000034
_delay                             bssCOMRAM    00003C
_flag                              bssCOMRAM    00004F
_flag1                             bssCOMRAM    000046
_get_ssd                           text8        0027FC
_init_adc                          text7        002500
_init_can                          text6        002586
_init_config                       text3        00251C
_init_digital_keypad               text5        0024E2
_init_timer0                       text4        0024EA
_key                               bssCOMRAM    00004A
_length                            bssCOMRAM    000040
_main                              text0        0029A0
_msg_id                            bssCOMRAM    000042
_read_adc                          text2        0025FA
_read_digital_keypad               text1        002788
_rpm                               bssCOMRAM    000048
_set_msg_id_std                    text10       0025BE
_ssd                               bssCOMRAM    00004B
can_transmit@data                  cstackCOMRAM 000007
can_transmit@i                     cstackCOMRAM 00000E
can_transmit@len                   cstackCOMRAM 000008
can_transmit@msg_id                cstackCOMRAM 000005
can_transmit@ptr                   cstackCOMRAM 00000C
end_of_initialization              cinit        00257C
get_ssd@rpm                        cstackCOMRAM 000010
intlevel0                          text         000000
intlevel1                          text         000000
intlevel2                          text         000000
intlevel3                          text         000000
isa$std                            (abs)        000001
isa$xinst                          (abs)        000000
main@adc_value                     cstackCOMRAM 000032
read_adc@channel                   cstackCOMRAM 000007
read_adc@reg_val                   cstackCOMRAM 000005
read_digital_keypad@detection_type cstackCOMRAM 000001
read_digital_keypad@once           dataCOMRAM   000052
set_msg_id_std@id                  cstackCOMRAM 000001
stackhi                            (abs)        000000
stacklo                            (abs)        000000
start                              init         002FFC
start_initialization               cinit        00255E


MODULE INFORMATION

Module		Function		Class		Link	Load	Size
ecu2_main.c
		_main          		CODE           	29A0	0000	268
		_get_ssd       		CODE           	27FC	0000	158
		_init_config   		CODE           	251C	0000	28

ecu2_main.c estimated size: 454

C:\Program Files\Microchip\xc8\v3.00\pic\sources\c99\common\Umul16.c
		___wmul        		CODE           	2538	0000	38

C:\Program Files\Microchip\xc8\v3.00\pic\sources\c99\common\Umul16.c estimated size: 38

timer0.c
		_init_timer0   		CODE           	24EA	0000	22

timer0.c estimated size: 22

C:\Program Files\Microchip\xc8\v3.00\pic\sources\c99\common\lwmod.c
		___lwmod       		CODE           	2640	0000	100

C:\Program Files\Microchip\xc8\v3.00\pic\sources\c99\common\lwmod.c estimated size: 100

C:\Program Files\Microchip\xc8\v3.00\pic\sources\c99\common\sprcdiv.c
		___fldiv       		CODE           	2C60	0000	912

C:\Program Files\Microchip\xc8\v3.00\pic\sources\c99\common\sprcdiv.c estimated size: 912

shared
		__initialization		CODE           	255E	0000	30
		_digit         		MEDIUMCONST    	0000	0000	0

shared estimated size: 30

C:\Program Files\Microchip\xc8\v3.00\pic\sources\c99\common\xxtofl.c
		___xxtofl      		CODE           	2AAC	0000	436

C:\Program Files\Microchip\xc8\v3.00\pic\sources\c99\common\xxtofl.c estimated size: 436

ADC.c
		_init_adc      		CODE           	2500	0000	28
		_read_adc      		CODE           	25FA	0000	70

ADC.c estimated size: 98

can.c
		_set_msg_id_std		CODE           	25BE	0000	60
		_can_transmit  		CODE           	26A4	0000	112
		_init_can      		CODE           	2586	0000	56

can.c estimated size: 228

DIGITAL_KEYPAD.c
		_init_digital_keypad		CODE           	24E2	0000	8
		_read_digital_keypad		CODE           	2788	0000	116

DIGITAL_KEYPAD.c estimated size: 124

C:\Program Files\Microchip\xc8\v3.00\pic\sources\c99\common\lwdiv.c
		___lwdiv       		CODE           	2714	0000	116

C:\Program Files\Microchip\xc8\v3.00\pic\sources\c99\common\lwdiv.c estimated size: 116

C:\Program Files\Microchip\xc8\v3.00\pic\sources\c99\common\fltol.c
		___fltol       		CODE           	289A	0000	262

C:\Program Files\Microchip\xc8\v3.00\pic\sources\c99\common\fltol.c estimated size: 262

